[app.polkamonster.game/index.html]
[backblue.gif]
[fade.gif]
[index.html]
[polkamonster.game/wp-content/uploads/2021/08/Page-Layout-2.jpg]
[app.polkamonster.game/apple-icon-57x57.png]
[app.polkamonster.game/apple-icon-60x60.png]
[app.polkamonster.game/apple-icon-72x72.png]
[app.polkamonster.game/apple-icon-76x76.png]
[app.polkamonster.game/apple-icon-114x114.png]
[app.polkamonster.game/apple-icon-120x120.png]
[app.polkamonster.game/apple-icon-144x144.png]
[app.polkamonster.game/apple-icon-152x152.png]
[app.polkamonster.game/apple-icon-180x180.png]
[app.polkamonster.game/android-icon-192x192.png]
[app.polkamonster.game/favicon-32x32.png]
[app.polkamonster.game/favicon-96x96.png]
[app.polkamonster.game/favicon-16x16.png]
[app.polkamonster.game/manifest.json]
[app.polkamonster.game/ms-icon-144x144.png]
[app.polkamonster.game/static/css/13.f434694d.chunk.css]
[app.polkamonster.game/static/css/main.1ac7c9a4.chunk.css]
[app.polkamonster.game/static/js/13.d3db81ff.chunk.js]
[app.polkamonster.game/index.html]
[app.polkamonster.game/static/css/13.f434694d.chunk.css]
[app.polkamonster.game/static/js/main.da964cbc.chunk.js]
[app.polkamonster.game/static/media/toast.bf6fe4fe.png]
[app.polkamonster.game/static/media/SF-Pro-Rounded-Bold.a467dbaa.otf]
[app.polkamonster.game/static/media/SF-Pro-Rounded-Regular.72faf94d.otf]
[app.polkamonster.game/static/media/bg-fighting.8b095f46.jpg]
[app.polkamonster.game/static/media/BG-green.ac96e174.jpg]
[app.polkamonster.game/static/media/bg-detail.6cbe4f18.png]
[app.polkamonster.game/static/media/popup-bg.52c2fcb8.png]
[app.polkamonster.game/static/media/connect.ce479b33.png]
[app.polkamonster.game/static/css/main.1ac7c9a4.chunk.css]
